/home/foronz/NXP-MCUXpresso/middleware/SparkSDK/spark_sdk_v1.0.0/core/audio/sac_api.c:554:13:init_audio_free_queue	32	static
/home/foronz/NXP-MCUXpresso/middleware/SparkSDK/spark_sdk_v1.0.0/core/audio/sac_api.c:696:17:produce	16	static
/home/foronz/NXP-MCUXpresso/middleware/SparkSDK/spark_sdk_v1.0.0/core/audio/sac_api.c:665:13:enqueue_producer_node	16	static
/home/foronz/NXP-MCUXpresso/middleware/SparkSDK/spark_sdk_v1.0.0/core/audio/sac_api.c:729:17:consume	32	static
/home/foronz/NXP-MCUXpresso/middleware/SparkSDK/spark_sdk_v1.0.0/core/audio/sac_api.c:40:6:sac_init	24	static
/home/foronz/NXP-MCUXpresso/middleware/SparkSDK/spark_sdk_v1.0.0/core/audio/sac_api.c:46:6:sac_mixer_module_init	16	static
/home/foronz/NXP-MCUXpresso/middleware/SparkSDK/spark_sdk_v1.0.0/core/audio/sac_api.c:53:6:sac_fallback_module_init	24	static
/home/foronz/NXP-MCUXpresso/middleware/SparkSDK/spark_sdk_v1.0.0/core/audio/sac_api.c:60:17:sac_pipeline_init	16	static
/home/foronz/NXP-MCUXpresso/middleware/SparkSDK/spark_sdk_v1.0.0/core/audio/sac_api.c:79:17:sac_endpoint_init	32	static
/home/foronz/NXP-MCUXpresso/middleware/SparkSDK/spark_sdk_v1.0.0/core/audio/sac_api.c:108:6:sac_endpoint_link	0	static
/home/foronz/NXP-MCUXpresso/middleware/SparkSDK/spark_sdk_v1.0.0/core/audio/sac_api.c:120:19:sac_processing_stage_init	24	static
/home/foronz/NXP-MCUXpresso/middleware/SparkSDK/spark_sdk_v1.0.0/core/audio/sac_api.c:137:6:sac_pipeline_add_processing	0	static
/home/foronz/NXP-MCUXpresso/middleware/SparkSDK/spark_sdk_v1.0.0/core/audio/sac_api.c:154:6:sac_pipeline_add_extra_consumer	0	static
/home/foronz/NXP-MCUXpresso/middleware/SparkSDK/spark_sdk_v1.0.0/core/audio/sac_api.c:166:6:sac_pipeline_add_extra_producer	0	static
/home/foronz/NXP-MCUXpresso/middleware/SparkSDK/spark_sdk_v1.0.0/core/audio/sac_api.c:178:6:sac_pipeline_setup	48	static
/home/foronz/NXP-MCUXpresso/middleware/SparkSDK/spark_sdk_v1.0.0/core/audio/sac_api.c:218:6:sac_pipeline_produce	24	static
/home/foronz/NXP-MCUXpresso/middleware/SparkSDK/spark_sdk_v1.0.0/core/audio/sac_api.c:260:6:sac_pipeline_consume	24	static
/home/foronz/NXP-MCUXpresso/middleware/SparkSDK/spark_sdk_v1.0.0/core/audio/sac_api.c:276:19:sac_pipeline_get_stats	0	static
/home/foronz/NXP-MCUXpresso/middleware/SparkSDK/spark_sdk_v1.0.0/core/audio/sac_api.c:284:10:sac_pipeline_get_producer_buffer_load	0	static
/home/foronz/NXP-MCUXpresso/middleware/SparkSDK/spark_sdk_v1.0.0/core/audio/sac_api.c:289:10:sac_pipeline_get_consumer_buffer_load	0	static
/home/foronz/NXP-MCUXpresso/middleware/SparkSDK/spark_sdk_v1.0.0/core/audio/sac_api.c:294:10:sac_pipeline_get_consumer_buffer_overflow_count	0	static
/home/foronz/NXP-MCUXpresso/middleware/SparkSDK/spark_sdk_v1.0.0/core/audio/sac_api.c:299:10:sac_pipeline_get_consumer_buffer_underflow_count	0	static
/home/foronz/NXP-MCUXpresso/middleware/SparkSDK/spark_sdk_v1.0.0/core/audio/sac_api.c:304:10:sac_pipeline_get_producer_packets_corrupted_count	0	static
/home/foronz/NXP-MCUXpresso/middleware/SparkSDK/spark_sdk_v1.0.0/core/audio/sac_api.c:309:6:sac_pipeline_reset_stats	0	static
/home/foronz/NXP-MCUXpresso/middleware/SparkSDK/spark_sdk_v1.0.0/core/audio/sac_api.c:323:6:sac_pipeline_start	0	static
/home/foronz/NXP-MCUXpresso/middleware/SparkSDK/spark_sdk_v1.0.0/core/audio/sac_api.c:332:6:sac_pipeline_stop	16	static
/home/foronz/NXP-MCUXpresso/middleware/SparkSDK/spark_sdk_v1.0.0/core/audio/sac_api.c:349:10:sac_processing_ctrl	0	static
/home/foronz/NXP-MCUXpresso/middleware/SparkSDK/spark_sdk_v1.0.0/core/audio/sac_api.c:354:6:sac_pipeline_process	56	static
/home/foronz/NXP-MCUXpresso/middleware/SparkSDK/spark_sdk_v1.0.0/core/audio/sac_api.c:450:10:sac_get_allocated_bytes	0	static
