/home/foronz/NXP-MCUXpresso/middleware/SparkSDK/spark_sdk_v1.0.0/core/wireless/phy/sr1000/sr_nvm.c:87:10:sr_nvm_get_value	0	static
/home/foronz/NXP-MCUXpresso/middleware/SparkSDK/spark_sdk_v1.0.0/core/wireless/phy/sr1000/sr_nvm.c:92:9:sr_nvm_get_size	0	static
/home/foronz/NXP-MCUXpresso/middleware/SparkSDK/spark_sdk_v1.0.0/core/wireless/phy/sr1000/sr_nvm.c:97:7:sr_nvm_get_name	0	static
/home/foronz/NXP-MCUXpresso/middleware/SparkSDK/spark_sdk_v1.0.0/core/wireless/phy/sr1000/sr_nvm.c:129:9:sr_nvm_get_product_id_model	0	static
/home/foronz/NXP-MCUXpresso/middleware/SparkSDK/spark_sdk_v1.0.0/core/wireless/phy/sr1000/sr_nvm.c:147:9:sr_nvm_get_product_id_version	0	static
/home/foronz/NXP-MCUXpresso/middleware/SparkSDK/spark_sdk_v1.0.0/core/wireless/phy/sr1000/sr_nvm.c:165:9:sr_nvm_get_product_id_package	0	static
/home/foronz/NXP-MCUXpresso/middleware/SparkSDK/spark_sdk_v1.0.0/core/wireless/phy/sr1000/sr_nvm.c:183:9:sr_nvm_get_calibration	0	static
/home/foronz/NXP-MCUXpresso/middleware/SparkSDK/spark_sdk_v1.0.0/core/wireless/phy/sr1000/sr_nvm.c:199:10:sr_nvm_get_vcro_shift	0	static
/home/foronz/NXP-MCUXpresso/middleware/SparkSDK/spark_sdk_v1.0.0/core/wireless/phy/sr1000/sr_nvm.c:215:8:sr_nvm_get_vref_adjust_pulse_width_offset	0	static
/home/foronz/NXP-MCUXpresso/middleware/SparkSDK/spark_sdk_v1.0.0/core/wireless/phy/sr1000/sr_nvm.c:236:8:sr_nvm_get_vref_adjust_vref_tune_offset	0	static
/home/foronz/NXP-MCUXpresso/middleware/SparkSDK/spark_sdk_v1.0.0/core/wireless/phy/sr1000/sr_nvm.c:257:10:sr_nvm_get_serial_number	0	static
/home/foronz/NXP-MCUXpresso/middleware/SparkSDK/spark_sdk_v1.0.0/core/wireless/phy/sr1000/sr_nvm.c:278:10:sr_nvm_get_serial_number_binning_setup_code	0	static
/home/foronz/NXP-MCUXpresso/middleware/SparkSDK/spark_sdk_v1.0.0/core/wireless/phy/sr1000/sr_nvm.c:289:10:sr_nvm_get_serial_number_chip_id	0	static
/home/foronz/NXP-MCUXpresso/middleware/SparkSDK/spark_sdk_v1.0.0/core/wireless/phy/sr1000/sr_nvm.c:300:9:sr_nvm_get_layout_version	0	static
/home/foronz/NXP-MCUXpresso/middleware/SparkSDK/spark_sdk_v1.0.0/core/wireless/phy/sr1000/sr_nvm.c:316:9:sr_nvm_get_width_code	0	static
/home/foronz/NXP-MCUXpresso/middleware/SparkSDK/spark_sdk_v1.0.0/core/wireless/phy/sr1000/sr_nvm.c:334:9:sr_nvm_get_width_base_freq	0	static
/home/foronz/NXP-MCUXpresso/middleware/SparkSDK/spark_sdk_v1.0.0/core/wireless/phy/sr1000/sr_nvm.c:351:9:sr_nvm_get_freq_tick	0	static
/home/foronz/NXP-MCUXpresso/middleware/SparkSDK/spark_sdk_v1.0.0/core/wireless/phy/sr1000/sr_nvm.c:366:10:sr_nvm_get_wafer_lot	0	static
/home/foronz/NXP-MCUXpresso/middleware/SparkSDK/spark_sdk_v1.0.0/core/wireless/phy/sr1000/sr_nvm.c:385:9:sr_nvm_get_wafer_id	0	static
/home/foronz/NXP-MCUXpresso/middleware/SparkSDK/spark_sdk_v1.0.0/core/wireless/phy/sr1000/sr_nvm.c:404:6:sr_nvm_get_test_date_century	0	static
/home/foronz/NXP-MCUXpresso/middleware/SparkSDK/spark_sdk_v1.0.0/core/wireless/phy/sr1000/sr_nvm.c:422:9:sr_nvm_get_test_date_year	0	static
/home/foronz/NXP-MCUXpresso/middleware/SparkSDK/spark_sdk_v1.0.0/core/wireless/phy/sr1000/sr_nvm.c:442:9:sr_nvm_get_test_date_month	0	static
/home/foronz/NXP-MCUXpresso/middleware/SparkSDK/spark_sdk_v1.0.0/core/wireless/phy/sr1000/sr_nvm.c:462:9:sr_nvm_get_test_date_date	0	static
/home/foronz/NXP-MCUXpresso/middleware/SparkSDK/spark_sdk_v1.0.0/core/wireless/phy/sr1000/sr_nvm.c:482:10:sr_nvm_get_tp_version	0	static
/home/foronz/NXP-MCUXpresso/middleware/SparkSDK/spark_sdk_v1.0.0/core/wireless/phy/sr1000/sr_nvm.c:497:9:sr_nvm_get_region	0	static
/home/foronz/NXP-MCUXpresso/middleware/SparkSDK/spark_sdk_v1.0.0/core/wireless/phy/sr1000/sr_nvm.c:514:9:sr_nvm_get_corner	0	static
/home/foronz/NXP-MCUXpresso/middleware/SparkSDK/spark_sdk_v1.0.0/core/wireless/phy/sr1000/sr_nvm.c:530:6:sr_nvm_power_up	32	static
/home/foronz/NXP-MCUXpresso/middleware/SparkSDK/spark_sdk_v1.0.0/core/wireless/phy/sr1000/sr_nvm.c:543:6:sr_nvm_power_down	16	static
/home/foronz/NXP-MCUXpresso/middleware/SparkSDK/spark_sdk_v1.0.0/core/wireless/phy/sr1000/sr_nvm.c:102:8:sr_nvm_read	48	static
/home/foronz/NXP-MCUXpresso/middleware/SparkSDK/spark_sdk_v1.0.0/core/wireless/phy/sr1000/sr_nvm.c:68:6:sr_nvm_init	16	static
