/home/foronz/NXP-MCUXpresso/middleware/SparkSDK/spark_sdk_v1.0.0/bsp/hardware/evk/usb_device/target/usbd_conf.c:73:6:HAL_PCD_MspInit	16	static
/home/foronz/NXP-MCUXpresso/middleware/SparkSDK/spark_sdk_v1.0.0/bsp/hardware/evk/usb_device/target/usbd_conf.c:96:6:HAL_PCD_MspDeInit	0	static
/home/foronz/NXP-MCUXpresso/middleware/SparkSDK/spark_sdk_v1.0.0/bsp/hardware/evk/usb_device/target/usbd_conf.c:124:6:HAL_PCD_SetupStageCallback	0	static
/home/foronz/NXP-MCUXpresso/middleware/SparkSDK/spark_sdk_v1.0.0/bsp/hardware/evk/usb_device/target/usbd_conf.c:145:6:HAL_PCD_DataOutStageCallback	0	static
/home/foronz/NXP-MCUXpresso/middleware/SparkSDK/spark_sdk_v1.0.0/bsp/hardware/evk/usb_device/target/usbd_conf.c:166:6:HAL_PCD_DataInStageCallback	0	static
/home/foronz/NXP-MCUXpresso/middleware/SparkSDK/spark_sdk_v1.0.0/bsp/hardware/evk/usb_device/target/usbd_conf.c:186:6:HAL_PCD_SOFCallback	0	static
/home/foronz/NXP-MCUXpresso/middleware/SparkSDK/spark_sdk_v1.0.0/bsp/hardware/evk/usb_device/target/usbd_conf.c:206:6:HAL_PCD_ResetCallback	8	static
/home/foronz/NXP-MCUXpresso/middleware/SparkSDK/spark_sdk_v1.0.0/bsp/hardware/evk/usb_device/target/usbd_conf.c:236:6:HAL_PCD_SuspendCallback	8	static
/home/foronz/NXP-MCUXpresso/middleware/SparkSDK/spark_sdk_v1.0.0/bsp/hardware/evk/usb_device/target/usbd_conf.c:266:6:HAL_PCD_ResumeCallback	8	static
/home/foronz/NXP-MCUXpresso/middleware/SparkSDK/spark_sdk_v1.0.0/bsp/hardware/evk/usb_device/target/usbd_conf.c:297:6:HAL_PCD_ISOOUTIncompleteCallback	0	static
/home/foronz/NXP-MCUXpresso/middleware/SparkSDK/spark_sdk_v1.0.0/bsp/hardware/evk/usb_device/target/usbd_conf.c:318:6:HAL_PCD_ISOINIncompleteCallback	0	static
/home/foronz/NXP-MCUXpresso/middleware/SparkSDK/spark_sdk_v1.0.0/bsp/hardware/evk/usb_device/target/usbd_conf.c:338:6:HAL_PCD_ConnectCallback	0	static
/home/foronz/NXP-MCUXpresso/middleware/SparkSDK/spark_sdk_v1.0.0/bsp/hardware/evk/usb_device/target/usbd_conf.c:358:6:HAL_PCD_DisconnectCallback	0	static
/home/foronz/NXP-MCUXpresso/middleware/SparkSDK/spark_sdk_v1.0.0/bsp/hardware/evk/usb_device/target/usbd_conf.c:383:20:USBD_LL_Init	16	static
/home/foronz/NXP-MCUXpresso/middleware/SparkSDK/spark_sdk_v1.0.0/bsp/hardware/evk/usb_device/target/usbd_conf.c:447:20:USBD_LL_DeInit	8	static
/home/foronz/NXP-MCUXpresso/middleware/SparkSDK/spark_sdk_v1.0.0/bsp/hardware/evk/usb_device/target/usbd_conf.c:464:20:USBD_LL_Start	8	static
/home/foronz/NXP-MCUXpresso/middleware/SparkSDK/spark_sdk_v1.0.0/bsp/hardware/evk/usb_device/target/usbd_conf.c:481:20:USBD_LL_Stop	8	static
/home/foronz/NXP-MCUXpresso/middleware/SparkSDK/spark_sdk_v1.0.0/bsp/hardware/evk/usb_device/target/usbd_conf.c:501:20:USBD_LL_OpenEP	8	static
/home/foronz/NXP-MCUXpresso/middleware/SparkSDK/spark_sdk_v1.0.0/bsp/hardware/evk/usb_device/target/usbd_conf.c:519:20:USBD_LL_CloseEP	8	static
/home/foronz/NXP-MCUXpresso/middleware/SparkSDK/spark_sdk_v1.0.0/bsp/hardware/evk/usb_device/target/usbd_conf.c:537:20:USBD_LL_FlushEP	8	static
/home/foronz/NXP-MCUXpresso/middleware/SparkSDK/spark_sdk_v1.0.0/bsp/hardware/evk/usb_device/target/usbd_conf.c:555:20:USBD_LL_StallEP	8	static
/home/foronz/NXP-MCUXpresso/middleware/SparkSDK/spark_sdk_v1.0.0/bsp/hardware/evk/usb_device/target/usbd_conf.c:573:20:USBD_LL_ClearStallEP	8	static
/home/foronz/NXP-MCUXpresso/middleware/SparkSDK/spark_sdk_v1.0.0/bsp/hardware/evk/usb_device/target/usbd_conf.c:591:9:USBD_LL_IsStallEP	0	static
/home/foronz/NXP-MCUXpresso/middleware/SparkSDK/spark_sdk_v1.0.0/bsp/hardware/evk/usb_device/target/usbd_conf.c:611:20:USBD_LL_SetUSBAddress	8	static
/home/foronz/NXP-MCUXpresso/middleware/SparkSDK/spark_sdk_v1.0.0/bsp/hardware/evk/usb_device/target/usbd_conf.c:631:20:USBD_LL_Transmit	8	static
/home/foronz/NXP-MCUXpresso/middleware/SparkSDK/spark_sdk_v1.0.0/bsp/hardware/evk/usb_device/target/usbd_conf.c:651:20:USBD_LL_PrepareReceive	8	static
/home/foronz/NXP-MCUXpresso/middleware/SparkSDK/spark_sdk_v1.0.0/bsp/hardware/evk/usb_device/target/usbd_conf.c:669:10:USBD_LL_GetRxDataSize	0	static
/home/foronz/NXP-MCUXpresso/middleware/SparkSDK/spark_sdk_v1.0.0/bsp/hardware/evk/usb_device/target/usbd_conf.c:683:6:HAL_PCDEx_LPM_Callback	8	static
/home/foronz/NXP-MCUXpresso/middleware/SparkSDK/spark_sdk_v1.0.0/bsp/hardware/evk/usb_device/target/usbd_conf.c:719:6:USBD_LL_Delay	0	static
/home/foronz/NXP-MCUXpresso/middleware/SparkSDK/spark_sdk_v1.0.0/bsp/hardware/evk/usb_device/target/usbd_conf.c:729:7:USBD_static_malloc	0	static
/home/foronz/NXP-MCUXpresso/middleware/SparkSDK/spark_sdk_v1.0.0/bsp/hardware/evk/usb_device/target/usbd_conf.c:743:6:USBD_static_free	0	static
