/home/foronz/NXP-MCUXpresso/middleware/SparkSDK/spark_sdk_v1.0.0/core/wireless/protocol_stack/wps.c:48:10:wps_us_to_pll_cycle	0	static
/home/foronz/NXP-MCUXpresso/middleware/SparkSDK/spark_sdk_v1.0.0/core/wireless/protocol_stack/wps.c:53:6:wps_init_phase_interface	0	static
/home/foronz/NXP-MCUXpresso/middleware/SparkSDK/spark_sdk_v1.0.0/core/wireless/protocol_stack/wps.c:58:6:wps_radio_init	16	static
/home/foronz/NXP-MCUXpresso/middleware/SparkSDK/spark_sdk_v1.0.0/core/wireless/protocol_stack/wps.c:80:6:wps_init_callback_queue	0	static
/home/foronz/NXP-MCUXpresso/middleware/SparkSDK/spark_sdk_v1.0.0/core/wireless/protocol_stack/wps.c:89:6:wps_init_request_queue	0	static
/home/foronz/NXP-MCUXpresso/middleware/SparkSDK/spark_sdk_v1.0.0/core/wireless/protocol_stack/wps.c:94:6:wps_init	56	static
/home/foronz/NXP-MCUXpresso/middleware/SparkSDK/spark_sdk_v1.0.0/core/wireless/protocol_stack/wps.c:133:6:wps_set_syncing_address	0	static
/home/foronz/NXP-MCUXpresso/middleware/SparkSDK/spark_sdk_v1.0.0/core/wireless/protocol_stack/wps.c:140:6:wps_set_network_id	0	static
/home/foronz/NXP-MCUXpresso/middleware/SparkSDK/spark_sdk_v1.0.0/core/wireless/protocol_stack/wps.c:147:6:wps_config_node	4	static
/home/foronz/NXP-MCUXpresso/middleware/SparkSDK/spark_sdk_v1.0.0/core/wireless/protocol_stack/wps.c:167:6:wps_config_network_schedule	4	static
/home/foronz/NXP-MCUXpresso/middleware/SparkSDK/spark_sdk_v1.0.0/core/wireless/protocol_stack/wps.c:183:6:wps_reset_schedule	0	static
/home/foronz/NXP-MCUXpresso/middleware/SparkSDK/spark_sdk_v1.0.0/core/wireless/protocol_stack/wps.c:190:6:wps_config_network_channel_sequence	0	static
/home/foronz/NXP-MCUXpresso/middleware/SparkSDK/spark_sdk_v1.0.0/core/wireless/protocol_stack/wps.c:201:6:wps_enable_random_channel_sequence	0	static
/home/foronz/NXP-MCUXpresso/middleware/SparkSDK/spark_sdk_v1.0.0/core/wireless/protocol_stack/wps.c:208:6:wps_disable_random_channel_sequence	0	static
/home/foronz/NXP-MCUXpresso/middleware/SparkSDK/spark_sdk_v1.0.0/core/wireless/protocol_stack/wps.c:215:9:wps_get_connection_header_size	24	static
/home/foronz/NXP-MCUXpresso/middleware/SparkSDK/spark_sdk_v1.0.0/core/wireless/protocol_stack/wps.c:228:6:wps_configure_header_connection	48	static
/home/foronz/NXP-MCUXpresso/middleware/SparkSDK/spark_sdk_v1.0.0/core/wireless/protocol_stack/wps.c:289:6:wps_create_connection	32	static
/home/foronz/NXP-MCUXpresso/middleware/SparkSDK/spark_sdk_v1.0.0/core/wireless/protocol_stack/wps.c:332:6:wps_connection_set_timeslot	4	static
/home/foronz/NXP-MCUXpresso/middleware/SparkSDK/spark_sdk_v1.0.0/core/wireless/protocol_stack/wps.c:354:6:wps_connection_config_channel	4	static
/home/foronz/NXP-MCUXpresso/middleware/SparkSDK/spark_sdk_v1.0.0/core/wireless/protocol_stack/wps.c:368:6:wps_connection_preset_config_channel	8	static
/home/foronz/NXP-MCUXpresso/middleware/SparkSDK/spark_sdk_v1.0.0/core/wireless/protocol_stack/wps.c:382:6:wps_connection_config_frame	0	static
/home/foronz/NXP-MCUXpresso/middleware/SparkSDK/spark_sdk_v1.0.0/core/wireless/protocol_stack/wps.c:393:6:wps_connection_enable_ack	0	static
/home/foronz/NXP-MCUXpresso/middleware/SparkSDK/spark_sdk_v1.0.0/core/wireless/protocol_stack/wps.c:400:6:wps_connection_disable_ack	0	static
/home/foronz/NXP-MCUXpresso/middleware/SparkSDK/spark_sdk_v1.0.0/core/wireless/protocol_stack/wps.c:407:6:wps_connection_enable_phases_aquisition	0	static
/home/foronz/NXP-MCUXpresso/middleware/SparkSDK/spark_sdk_v1.0.0/core/wireless/protocol_stack/wps.c:414:6:wps_connection_disable_phases_aquisition	0	static
/home/foronz/NXP-MCUXpresso/middleware/SparkSDK/spark_sdk_v1.0.0/core/wireless/protocol_stack/wps.c:421:6:wps_connection_enable_stop_and_wait_arq	4	static
/home/foronz/NXP-MCUXpresso/middleware/SparkSDK/spark_sdk_v1.0.0/core/wireless/protocol_stack/wps.c:445:6:wps_connection_disable_stop_and_wait_arq	16	static
/home/foronz/NXP-MCUXpresso/middleware/SparkSDK/spark_sdk_v1.0.0/core/wireless/protocol_stack/wps.c:452:6:wps_connection_enable_auto_sync	0	static
/home/foronz/NXP-MCUXpresso/middleware/SparkSDK/spark_sdk_v1.0.0/core/wireless/protocol_stack/wps.c:459:6:wps_connection_disable_auto_sync	0	static
/home/foronz/NXP-MCUXpresso/middleware/SparkSDK/spark_sdk_v1.0.0/core/wireless/protocol_stack/wps.c:466:6:wps_connection_enable_fixed_payload_size	0	static
/home/foronz/NXP-MCUXpresso/middleware/SparkSDK/spark_sdk_v1.0.0/core/wireless/protocol_stack/wps.c:477:6:wps_connection_disable_fixed_payload_size	0	static
/home/foronz/NXP-MCUXpresso/middleware/SparkSDK/spark_sdk_v1.0.0/core/wireless/protocol_stack/wps.c:485:6:wps_connection_enable_cca	24	static
/home/foronz/NXP-MCUXpresso/middleware/SparkSDK/spark_sdk_v1.0.0/core/wireless/protocol_stack/wps.c:496:6:wps_connection_disable_cca	24	static
/home/foronz/NXP-MCUXpresso/middleware/SparkSDK/spark_sdk_v1.0.0/core/wireless/protocol_stack/wps.c:502:6:wps_connection_enable_fixed_gain	16	static
/home/foronz/NXP-MCUXpresso/middleware/SparkSDK/spark_sdk_v1.0.0/core/wireless/protocol_stack/wps.c:512:6:wps_connection_disable_fixed_gain	16	static
/home/foronz/NXP-MCUXpresso/middleware/SparkSDK/spark_sdk_v1.0.0/core/wireless/protocol_stack/wps.c:522:6:wps_enable_rdo	0	static
/home/foronz/NXP-MCUXpresso/middleware/SparkSDK/spark_sdk_v1.0.0/core/wireless/protocol_stack/wps.c:529:6:wps_disable_rdo	0	static
/home/foronz/NXP-MCUXpresso/middleware/SparkSDK/spark_sdk_v1.0.0/core/wireless/protocol_stack/wps.c:536:6:wps_set_tx_success_callback	0	static
/home/foronz/NXP-MCUXpresso/middleware/SparkSDK/spark_sdk_v1.0.0/core/wireless/protocol_stack/wps.c:544:6:wps_set_tx_fail_callback	0	static
/home/foronz/NXP-MCUXpresso/middleware/SparkSDK/spark_sdk_v1.0.0/core/wireless/protocol_stack/wps.c:552:6:wps_set_tx_drop_callback	0	static
/home/foronz/NXP-MCUXpresso/middleware/SparkSDK/spark_sdk_v1.0.0/core/wireless/protocol_stack/wps.c:560:6:wps_set_rx_success_callback	0	static
/home/foronz/NXP-MCUXpresso/middleware/SparkSDK/spark_sdk_v1.0.0/core/wireless/protocol_stack/wps.c:568:6:wps_set_event_callback	0	static
/home/foronz/NXP-MCUXpresso/middleware/SparkSDK/spark_sdk_v1.0.0/core/wireless/protocol_stack/wps.c:576:6:wps_connect	48	static
/home/foronz/NXP-MCUXpresso/middleware/SparkSDK/spark_sdk_v1.0.0/core/wireless/protocol_stack/wps.c:615:6:wps_disconnect	8	static
/home/foronz/NXP-MCUXpresso/middleware/SparkSDK/spark_sdk_v1.0.0/core/wireless/protocol_stack/wps.c:628:6:wps_reset	16	static
/home/foronz/NXP-MCUXpresso/middleware/SparkSDK/spark_sdk_v1.0.0/core/wireless/protocol_stack/wps.c:641:6:wps_halt	0	static
/home/foronz/NXP-MCUXpresso/middleware/SparkSDK/spark_sdk_v1.0.0/core/wireless/protocol_stack/wps.c:648:6:wps_resume	0	static
/home/foronz/NXP-MCUXpresso/middleware/SparkSDK/spark_sdk_v1.0.0/core/wireless/protocol_stack/wps.c:655:6:wps_init_connection_throttle	0	static
/home/foronz/NXP-MCUXpresso/middleware/SparkSDK/spark_sdk_v1.0.0/core/wireless/protocol_stack/wps.c:667:6:wps_set_active_ratio	48	static
/home/foronz/NXP-MCUXpresso/middleware/SparkSDK/spark_sdk_v1.0.0/core/wireless/protocol_stack/wps.c:694:6:wps_get_free_slot	16	static
/home/foronz/NXP-MCUXpresso/middleware/SparkSDK/spark_sdk_v1.0.0/core/wireless/protocol_stack/wps.c:708:6:wps_send	32	static
/home/foronz/NXP-MCUXpresso/middleware/SparkSDK/spark_sdk_v1.0.0/core/wireless/protocol_stack/wps.c:734:14:wps_read	24	static
/home/foronz/NXP-MCUXpresso/middleware/SparkSDK/spark_sdk_v1.0.0/core/wireless/protocol_stack/wps.c:755:6:wps_read_done	8	static
/home/foronz/NXP-MCUXpresso/middleware/SparkSDK/spark_sdk_v1.0.0/core/wireless/protocol_stack/wps.c:760:10:wps_get_fifo_size	0	static
/home/foronz/NXP-MCUXpresso/middleware/SparkSDK/spark_sdk_v1.0.0/core/wireless/protocol_stack/wps.c:765:10:wps_get_fifo_free_space	0	static
/home/foronz/NXP-MCUXpresso/middleware/SparkSDK/spark_sdk_v1.0.0/core/wireless/protocol_stack/wps.c:770:13:wps_get_error	0	static
/home/foronz/NXP-MCUXpresso/middleware/SparkSDK/spark_sdk_v1.0.0/core/wireless/protocol_stack/wps.c:775:6:wps_request_write_register	32	static
/home/foronz/NXP-MCUXpresso/middleware/SparkSDK/spark_sdk_v1.0.0/core/wireless/protocol_stack/wps.c:800:6:wps_request_read_register	40	static
/home/foronz/NXP-MCUXpresso/middleware/SparkSDK/spark_sdk_v1.0.0/core/wireless/protocol_stack/wps.c:829:6:wps_enable_fast_sync	0	static
/home/foronz/NXP-MCUXpresso/middleware/SparkSDK/spark_sdk_v1.0.0/core/wireless/protocol_stack/wps.c:836:6:wps_disable_fast_sync	0	static
