/home/foronz/NXP-MCUXpresso/middleware/SparkSDK/spark_sdk_v1.0.0/core/wireless/protocol_stack/wps_mac.c:474:13:state_stop_wait_arq	0	static
/home/foronz/NXP-MCUXpresso/middleware/SparkSDK/spark_sdk_v1.0.0/core/wireless/protocol_stack/wps_mac.c:1294:13:update_wps_stats	8	static
../../../../../core/wireless/link/sr1000/link_lqi.h:163:20:link_lqi_update_mode_0	24	static
/home/foronz/NXP-MCUXpresso/middleware/SparkSDK/spark_sdk_v1.0.0/core/wireless/protocol_stack/wps_mac.c:1015:18:get_xlayer_for_tx	64	static
/home/foronz/NXP-MCUXpresso/middleware/SparkSDK/spark_sdk_v1.0.0/core/wireless/protocol_stack/wps_mac.c:1055:18:get_xlayer_for_rx	16	static
/home/foronz/NXP-MCUXpresso/middleware/SparkSDK/spark_sdk_v1.0.0/core/wireless/protocol_stack/wps_mac.c:587:13:state_setup_prime_link	16	static
/home/foronz/NXP-MCUXpresso/middleware/SparkSDK/spark_sdk_v1.0.0/core/wireless/protocol_stack/wps_mac.c:630:13:state_scheduler	24	static
/home/foronz/NXP-MCUXpresso/middleware/SparkSDK/spark_sdk_v1.0.0/core/wireless/protocol_stack/wps_mac.c:242:13:state_sync	24	static
/home/foronz/NXP-MCUXpresso/middleware/SparkSDK/spark_sdk_v1.0.0/core/wireless/protocol_stack/wps_mac.c:508:13:state_setup_primary_link	24	static
../../../../../core/wireless/link/sr1000/link_lqi.h:287:20:link_lqi_update.constprop	32	static
/home/foronz/NXP-MCUXpresso/middleware/SparkSDK/spark_sdk_v1.0.0/core/wireless/protocol_stack/wps_mac.c:358:13:state_post_tx	48	static
/home/foronz/NXP-MCUXpresso/middleware/SparkSDK/spark_sdk_v1.0.0/core/wireless/protocol_stack/wps_mac.c:188:13:state_link_quality	24	static
/home/foronz/NXP-MCUXpresso/middleware/SparkSDK/spark_sdk_v1.0.0/core/wireless/protocol_stack/wps_mac.c:276:13:state_post_rx	32	static
/home/foronz/NXP-MCUXpresso/middleware/SparkSDK/spark_sdk_v1.0.0/core/wireless/protocol_stack/wps_mac.c:486:13:state_mac_prepare_frame	24	static
/home/foronz/NXP-MCUXpresso/middleware/SparkSDK/spark_sdk_v1.0.0/core/wireless/protocol_stack/wps_mac.c:655:13:end	0	static
/home/foronz/NXP-MCUXpresso/middleware/SparkSDK/spark_sdk_v1.0.0/core/wireless/protocol_stack/wps_mac.c:575:13:state_setup_ack_link	0	static
/home/foronz/NXP-MCUXpresso/middleware/SparkSDK/spark_sdk_v1.0.0/core/wireless/protocol_stack/wps_mac.c:85:6:wps_mac_init	56	static
/home/foronz/NXP-MCUXpresso/middleware/SparkSDK/spark_sdk_v1.0.0/core/wireless/protocol_stack/wps_mac.c:137:6:wps_mac_reset	0	static
/home/foronz/NXP-MCUXpresso/middleware/SparkSDK/spark_sdk_v1.0.0/core/wireless/protocol_stack/wps_mac.c:149:6:wps_mac_process	16	static
/home/foronz/NXP-MCUXpresso/middleware/SparkSDK/spark_sdk_v1.0.0/core/wireless/protocol_stack/wps_mac.c:165:6:wps_mac_enable_fast_sync	0	static
/home/foronz/NXP-MCUXpresso/middleware/SparkSDK/spark_sdk_v1.0.0/core/wireless/protocol_stack/wps_mac.c:170:6:wps_mac_disable_fast_sync	0	static
/home/foronz/NXP-MCUXpresso/middleware/SparkSDK/spark_sdk_v1.0.0/core/wireless/protocol_stack/wps_mac.c:175:6:wps_mac_set_phase_interface	0	static
/home/foronz/NXP-MCUXpresso/middleware/SparkSDK/spark_sdk_v1.0.0/core/wireless/protocol_stack/wps_mac.c:660:6:wps_mac_send_channel_index	8	static
/home/foronz/NXP-MCUXpresso/middleware/SparkSDK/spark_sdk_v1.0.0/core/wireless/protocol_stack/wps_mac.c:666:6:wps_mac_receive_channel_index	0	static
/home/foronz/NXP-MCUXpresso/middleware/SparkSDK/spark_sdk_v1.0.0/core/wireless/protocol_stack/wps_mac.c:674:9:wps_mac_get_channel_index_proto_size	0	static
/home/foronz/NXP-MCUXpresso/middleware/SparkSDK/spark_sdk_v1.0.0/core/wireless/protocol_stack/wps_mac.c:681:6:wps_mac_send_timeslot_id_saw	16	static
/home/foronz/NXP-MCUXpresso/middleware/SparkSDK/spark_sdk_v1.0.0/core/wireless/protocol_stack/wps_mac.c:691:6:wps_mac_receive_timeslot_id_saw	24	static
/home/foronz/NXP-MCUXpresso/middleware/SparkSDK/spark_sdk_v1.0.0/core/wireless/protocol_stack/wps_mac.c:718:9:wps_mac_get_timeslot_id_saw_proto_size	0	static
/home/foronz/NXP-MCUXpresso/middleware/SparkSDK/spark_sdk_v1.0.0/core/wireless/protocol_stack/wps_mac.c:724:6:wps_mac_send_rdo	0	static
/home/foronz/NXP-MCUXpresso/middleware/SparkSDK/spark_sdk_v1.0.0/core/wireless/protocol_stack/wps_mac.c:731:6:wps_mac_receive_rdo	0	static
/home/foronz/NXP-MCUXpresso/middleware/SparkSDK/spark_sdk_v1.0.0/core/wireless/protocol_stack/wps_mac.c:738:9:wps_mac_get_rdo_proto_size	0	static
/home/foronz/NXP-MCUXpresso/middleware/SparkSDK/spark_sdk_v1.0.0/core/wireless/protocol_stack/wps_mac.c:745:6:wps_mac_send_ranging_phases	0	static
/home/foronz/NXP-MCUXpresso/middleware/SparkSDK/spark_sdk_v1.0.0/core/wireless/protocol_stack/wps_mac.c:760:6:wps_mac_receive_ranging_phases	8	static
/home/foronz/NXP-MCUXpresso/middleware/SparkSDK/spark_sdk_v1.0.0/core/wireless/protocol_stack/wps_mac.c:782:9:wps_mac_get_ranging_phases_proto_size	0	static
/home/foronz/NXP-MCUXpresso/middleware/SparkSDK/spark_sdk_v1.0.0/core/wireless/protocol_stack/wps_mac.c:793:6:wps_mac_send_ranging_phase_count	0	static
/home/foronz/NXP-MCUXpresso/middleware/SparkSDK/spark_sdk_v1.0.0/core/wireless/protocol_stack/wps_mac.c:801:6:wps_mac_receive_ranging_phase_count	0	static
/home/foronz/NXP-MCUXpresso/middleware/SparkSDK/spark_sdk_v1.0.0/core/wireless/protocol_stack/wps_mac.c:808:9:wps_mac_get_ranging_phase_count_proto_size	0	static
