/home/foronz/NXP-MCUXpresso/middleware/SparkSDK/spark_sdk_v1.0.0/core/wireless/protocol_stack/wps_stats.c:78:10:wps_stats_get_payload_success_count	64	static
/home/foronz/NXP-MCUXpresso/middleware/SparkSDK/spark_sdk_v1.0.0/core/wireless/protocol_stack/wps_stats.c:87:10:wps_stats_get_payload_fail_count	64	static
/home/foronz/NXP-MCUXpresso/middleware/SparkSDK/spark_sdk_v1.0.0/core/wireless/protocol_stack/wps_stats.c:96:10:wps_stats_get_payload_dropped_count	64	static
/home/foronz/NXP-MCUXpresso/middleware/SparkSDK/spark_sdk_v1.0.0/core/wireless/protocol_stack/wps_stats.c:105:7:wps_stats_get_payload_success_ratio	64	static
/home/foronz/NXP-MCUXpresso/middleware/SparkSDK/spark_sdk_v1.0.0/core/wireless/protocol_stack/wps_stats.c:118:10:wps_stats_get_payload_received_count	64	static
/home/foronz/NXP-MCUXpresso/middleware/SparkSDK/spark_sdk_v1.0.0/core/wireless/protocol_stack/wps_stats.c:127:10:wps_stats_get_payload_overrun_count	64	static
/home/foronz/NXP-MCUXpresso/middleware/SparkSDK/spark_sdk_v1.0.0/core/wireless/protocol_stack/wps_stats.c:136:10:wps_stats_get_empty_count	160	static
/home/foronz/NXP-MCUXpresso/middleware/SparkSDK/spark_sdk_v1.0.0/core/wireless/protocol_stack/wps_stats.c:147:10:wps_stats_get_rx_sync_count	160	static
/home/foronz/NXP-MCUXpresso/middleware/SparkSDK/spark_sdk_v1.0.0/core/wireless/protocol_stack/wps_stats.c:158:7:wps_stats_get_tx_link_usage_ratio	160	static
/home/foronz/NXP-MCUXpresso/middleware/SparkSDK/spark_sdk_v1.0.0/core/wireless/protocol_stack/wps_stats.c:173:7:wps_stats_get_rx_link_usage_ratio	160	static
/home/foronz/NXP-MCUXpresso/middleware/SparkSDK/spark_sdk_v1.0.0/core/wireless/protocol_stack/wps_stats.c:188:7:wps_stats_get_tx_datarate	64	static
/home/foronz/NXP-MCUXpresso/middleware/SparkSDK/spark_sdk_v1.0.0/core/wireless/protocol_stack/wps_stats.c:201:7:wps_stats_get_rx_datarate	64	static
/home/foronz/NXP-MCUXpresso/middleware/SparkSDK/spark_sdk_v1.0.0/core/wireless/protocol_stack/wps_stats.c:214:10:wps_stats_get_phy_rssi_avg	88	static
/home/foronz/NXP-MCUXpresso/middleware/SparkSDK/spark_sdk_v1.0.0/core/wireless/protocol_stack/wps_stats.c:223:10:wps_stats_get_phy_rssi	88	static
/home/foronz/NXP-MCUXpresso/middleware/SparkSDK/spark_sdk_v1.0.0/core/wireless/protocol_stack/wps_stats.c:232:10:wps_stats_get_inst_phy_rssi_tenth_db	8	static
/home/foronz/NXP-MCUXpresso/middleware/SparkSDK/spark_sdk_v1.0.0/core/wireless/protocol_stack/wps_stats.c:237:10:wps_stats_get_phy_rnsi_avg	88	static
/home/foronz/NXP-MCUXpresso/middleware/SparkSDK/spark_sdk_v1.0.0/core/wireless/protocol_stack/wps_stats.c:246:10:wps_stats_get_phy_rnsi	88	static
/home/foronz/NXP-MCUXpresso/middleware/SparkSDK/spark_sdk_v1.0.0/core/wireless/protocol_stack/wps_stats.c:255:10:wps_stats_get_inst_phy_rnsi_tenth_db	8	static
/home/foronz/NXP-MCUXpresso/middleware/SparkSDK/spark_sdk_v1.0.0/core/wireless/protocol_stack/wps_stats.c:260:9:wps_stats_get_phy_margin_avg	88	static
/home/foronz/NXP-MCUXpresso/middleware/SparkSDK/spark_sdk_v1.0.0/core/wireless/protocol_stack/wps_stats.c:269:9:wps_stats_get_inst_phy_margin	88	static
/home/foronz/NXP-MCUXpresso/middleware/SparkSDK/spark_sdk_v1.0.0/core/wireless/protocol_stack/wps_stats.c:278:10:wps_stats_get_phy_inst_phase_offset	88	static
/home/foronz/NXP-MCUXpresso/middleware/SparkSDK/spark_sdk_v1.0.0/core/wireless/protocol_stack/wps_stats.c:287:10:wps_stats_get_phy_sent_count	88	static
/home/foronz/NXP-MCUXpresso/middleware/SparkSDK/spark_sdk_v1.0.0/core/wireless/protocol_stack/wps_stats.c:296:10:wps_stats_get_phy_ack_frame_count	88	static
/home/foronz/NXP-MCUXpresso/middleware/SparkSDK/spark_sdk_v1.0.0/core/wireless/protocol_stack/wps_stats.c:305:10:wps_stats_get_phy_nack_frame_count	88	static
/home/foronz/NXP-MCUXpresso/middleware/SparkSDK/spark_sdk_v1.0.0/core/wireless/protocol_stack/wps_stats.c:314:10:wps_stats_get_phy_received_frame_count	88	static
/home/foronz/NXP-MCUXpresso/middleware/SparkSDK/spark_sdk_v1.0.0/core/wireless/protocol_stack/wps_stats.c:323:10:wps_stats_get_phy_missing_frame_count	88	static
/home/foronz/NXP-MCUXpresso/middleware/SparkSDK/spark_sdk_v1.0.0/core/wireless/protocol_stack/wps_stats.c:332:10:wps_stats_get_phy_rejected_frame_count	88	static
/home/foronz/NXP-MCUXpresso/middleware/SparkSDK/spark_sdk_v1.0.0/core/wireless/protocol_stack/wps_stats.c:341:10:wps_stats_get_phy_duplicated_frame_count	32	static
/home/foronz/NXP-MCUXpresso/middleware/SparkSDK/spark_sdk_v1.0.0/core/wireless/protocol_stack/wps_stats.c:350:10:wps_stats_get_phy_retry_frame_count	32	static
/home/foronz/NXP-MCUXpresso/middleware/SparkSDK/spark_sdk_v1.0.0/core/wireless/protocol_stack/wps_stats.c:359:7:wps_stats_get_phy_ack_frame_ratio	96	static
/home/foronz/NXP-MCUXpresso/middleware/SparkSDK/spark_sdk_v1.0.0/core/wireless/protocol_stack/wps_stats.c:372:7:wps_stats_get_phy_nack_frame_ratio	96	static
/home/foronz/NXP-MCUXpresso/middleware/SparkSDK/spark_sdk_v1.0.0/core/wireless/protocol_stack/wps_stats.c:385:7:wps_stats_get_phy_received_frame_ratio	96	static
/home/foronz/NXP-MCUXpresso/middleware/SparkSDK/spark_sdk_v1.0.0/core/wireless/protocol_stack/wps_stats.c:398:7:wps_stats_get_phy_missing_frame_ratio	96	static
/home/foronz/NXP-MCUXpresso/middleware/SparkSDK/spark_sdk_v1.0.0/core/wireless/protocol_stack/wps_stats.c:411:7:wps_stats_get_phy_rejected_frame_ratio	96	static
/home/foronz/NXP-MCUXpresso/middleware/SparkSDK/spark_sdk_v1.0.0/core/wireless/protocol_stack/wps_stats.c:424:7:wps_stats_get_phy_mrr	88	static
/home/foronz/NXP-MCUXpresso/middleware/SparkSDK/spark_sdk_v1.0.0/core/wireless/protocol_stack/wps_stats.c:438:7:wps_stats_get_phy_per	88	static
/home/foronz/NXP-MCUXpresso/middleware/SparkSDK/spark_sdk_v1.0.0/core/wireless/protocol_stack/wps_stats.c:453:10:wps_stats_get_phy_cca_pass_count	64	static
/home/foronz/NXP-MCUXpresso/middleware/SparkSDK/spark_sdk_v1.0.0/core/wireless/protocol_stack/wps_stats.c:462:10:wps_stats_get_phy_cca_fail_count	64	static
/home/foronz/NXP-MCUXpresso/middleware/SparkSDK/spark_sdk_v1.0.0/core/wireless/protocol_stack/wps_stats.c:471:7:wps_stats_get_phy_cca_pass_ratio	64	static
/home/foronz/NXP-MCUXpresso/middleware/SparkSDK/spark_sdk_v1.0.0/core/wireless/protocol_stack/wps_stats.c:480:7:wps_stats_get_phy_cca_fail_ratio	64	static
/home/foronz/NXP-MCUXpresso/middleware/SparkSDK/spark_sdk_v1.0.0/core/wireless/protocol_stack/wps_stats.c:489:10:wps_stats_get_rssi_avg	88	static
/home/foronz/NXP-MCUXpresso/middleware/SparkSDK/spark_sdk_v1.0.0/core/wireless/protocol_stack/wps_stats.c:498:10:wps_stats_get_rnsi_avg	88	static
/home/foronz/NXP-MCUXpresso/middleware/SparkSDK/spark_sdk_v1.0.0/core/wireless/protocol_stack/wps_stats.c:507:9:wps_stats_get_margin_avg	88	static
/home/foronz/NXP-MCUXpresso/middleware/SparkSDK/spark_sdk_v1.0.0/core/wireless/protocol_stack/wps_stats.c:516:10:wps_stats_get_ack_frame_count	88	static
/home/foronz/NXP-MCUXpresso/middleware/SparkSDK/spark_sdk_v1.0.0/core/wireless/protocol_stack/wps_stats.c:525:10:wps_stats_get_nack_frame_count	88	static
/home/foronz/NXP-MCUXpresso/middleware/SparkSDK/spark_sdk_v1.0.0/core/wireless/protocol_stack/wps_stats.c:534:10:wps_stats_get_received_frame_count	88	static
/home/foronz/NXP-MCUXpresso/middleware/SparkSDK/spark_sdk_v1.0.0/core/wireless/protocol_stack/wps_stats.c:543:10:wps_stats_get_missing_frame_count	88	static
/home/foronz/NXP-MCUXpresso/middleware/SparkSDK/spark_sdk_v1.0.0/core/wireless/protocol_stack/wps_stats.c:552:10:wps_stats_get_rejected_frame_count	88	static
/home/foronz/NXP-MCUXpresso/middleware/SparkSDK/spark_sdk_v1.0.0/core/wireless/protocol_stack/wps_stats.c:561:10:wps_stats_get_duplicated_frame_count	32	static
/home/foronz/NXP-MCUXpresso/middleware/SparkSDK/spark_sdk_v1.0.0/core/wireless/protocol_stack/wps_stats.c:570:10:wps_stats_get_retry_frame_count	32	static
/home/foronz/NXP-MCUXpresso/middleware/SparkSDK/spark_sdk_v1.0.0/core/wireless/protocol_stack/wps_stats.c:579:7:wps_stats_get_ack_frame_ratio	96	static
/home/foronz/NXP-MCUXpresso/middleware/SparkSDK/spark_sdk_v1.0.0/core/wireless/protocol_stack/wps_stats.c:592:7:wps_stats_get_nack_frame_ratio	96	static
/home/foronz/NXP-MCUXpresso/middleware/SparkSDK/spark_sdk_v1.0.0/core/wireless/protocol_stack/wps_stats.c:605:7:wps_stats_get_received_frame_ratio	96	static
/home/foronz/NXP-MCUXpresso/middleware/SparkSDK/spark_sdk_v1.0.0/core/wireless/protocol_stack/wps_stats.c:618:7:wps_stats_get_missing_frame_ratio	96	static
/home/foronz/NXP-MCUXpresso/middleware/SparkSDK/spark_sdk_v1.0.0/core/wireless/protocol_stack/wps_stats.c:631:7:wps_stats_get_rejected_frame_ratio	96	static
/home/foronz/NXP-MCUXpresso/middleware/SparkSDK/spark_sdk_v1.0.0/core/wireless/protocol_stack/wps_stats.c:644:7:wps_stats_get_mrr	88	static
/home/foronz/NXP-MCUXpresso/middleware/SparkSDK/spark_sdk_v1.0.0/core/wireless/protocol_stack/wps_stats.c:658:7:wps_stats_get_per	88	static
/home/foronz/NXP-MCUXpresso/middleware/SparkSDK/spark_sdk_v1.0.0/core/wireless/protocol_stack/wps_stats.c:673:10:wps_stats_get_chan_rssi_avg	88	static
/home/foronz/NXP-MCUXpresso/middleware/SparkSDK/spark_sdk_v1.0.0/core/wireless/protocol_stack/wps_stats.c:682:10:wps_stats_get_chan_rssi	88	static
/home/foronz/NXP-MCUXpresso/middleware/SparkSDK/spark_sdk_v1.0.0/core/wireless/protocol_stack/wps_stats.c:691:10:wps_stats_get_chan_rnsi_avg	88	static
/home/foronz/NXP-MCUXpresso/middleware/SparkSDK/spark_sdk_v1.0.0/core/wireless/protocol_stack/wps_stats.c:700:10:wps_stats_get_chan_rnsi	88	static
/home/foronz/NXP-MCUXpresso/middleware/SparkSDK/spark_sdk_v1.0.0/core/wireless/protocol_stack/wps_stats.c:709:9:wps_stats_get_chan_margin_avg	88	static
/home/foronz/NXP-MCUXpresso/middleware/SparkSDK/spark_sdk_v1.0.0/core/wireless/protocol_stack/wps_stats.c:718:10:wps_stats_get_chan_ack_frame_count	88	static
/home/foronz/NXP-MCUXpresso/middleware/SparkSDK/spark_sdk_v1.0.0/core/wireless/protocol_stack/wps_stats.c:727:10:wps_stats_get_chan_nack_frame_count	88	static
/home/foronz/NXP-MCUXpresso/middleware/SparkSDK/spark_sdk_v1.0.0/core/wireless/protocol_stack/wps_stats.c:736:10:wps_stats_get_chan_received_frame_count	88	static
/home/foronz/NXP-MCUXpresso/middleware/SparkSDK/spark_sdk_v1.0.0/core/wireless/protocol_stack/wps_stats.c:745:10:wps_stats_get_chan_missing_frame_count	88	static
/home/foronz/NXP-MCUXpresso/middleware/SparkSDK/spark_sdk_v1.0.0/core/wireless/protocol_stack/wps_stats.c:754:10:wps_stats_get_chan_rejected_frame_count	88	static
/home/foronz/NXP-MCUXpresso/middleware/SparkSDK/spark_sdk_v1.0.0/core/wireless/protocol_stack/wps_stats.c:763:7:wps_stats_get_chan_ack_frame_ratio	96	static
/home/foronz/NXP-MCUXpresso/middleware/SparkSDK/spark_sdk_v1.0.0/core/wireless/protocol_stack/wps_stats.c:776:7:wps_stats_get_chan_nack_frame_ratio	96	static
/home/foronz/NXP-MCUXpresso/middleware/SparkSDK/spark_sdk_v1.0.0/core/wireless/protocol_stack/wps_stats.c:789:7:wps_stats_get_chan_received_frame_ratio	96	static
/home/foronz/NXP-MCUXpresso/middleware/SparkSDK/spark_sdk_v1.0.0/core/wireless/protocol_stack/wps_stats.c:802:7:wps_stats_get_chan_missing_frame_ratio	96	static
/home/foronz/NXP-MCUXpresso/middleware/SparkSDK/spark_sdk_v1.0.0/core/wireless/protocol_stack/wps_stats.c:815:7:wps_stats_get_chan_rejected_frame_ratio	96	static
/home/foronz/NXP-MCUXpresso/middleware/SparkSDK/spark_sdk_v1.0.0/core/wireless/protocol_stack/wps_stats.c:828:7:wps_stats_get_chan_mrr	88	static
/home/foronz/NXP-MCUXpresso/middleware/SparkSDK/spark_sdk_v1.0.0/core/wireless/protocol_stack/wps_stats.c:842:7:wps_stats_get_chan_per	88	static
/home/foronz/NXP-MCUXpresso/middleware/SparkSDK/spark_sdk_v1.0.0/core/wireless/protocol_stack/wps_stats.c:857:6:wps_stats_reset	24	static
