/home/foronz/NXP-MCUXpresso/middleware/SparkSDK/spark_sdk_v1.0.0/core/wireless/link/sr1000/link_gain_loop.c:41:6:link_gain_loop_init	0	static
/home/foronz/NXP-MCUXpresso/middleware/SparkSDK/spark_sdk_v1.0.0/core/wireless/link/sr1000/link_gain_loop.c:48:6:link_gain_loop_update	4	static
/home/foronz/NXP-MCUXpresso/middleware/SparkSDK/spark_sdk_v1.0.0/core/wireless/link/sr1000/link_gain_loop.c:75:9:link_gain_loop_get_gain_index	0	static
/home/foronz/NXP-MCUXpresso/middleware/SparkSDK/spark_sdk_v1.0.0/core/wireless/link/sr1000/link_gain_loop.c:80:6:link_gain_loop_reset_gain_index	0	static
/home/foronz/NXP-MCUXpresso/middleware/SparkSDK/spark_sdk_v1.0.0/core/wireless/link/sr1000/link_gain_loop.c:85:9:link_gain_loop_get_gain_value	0	static
/home/foronz/NXP-MCUXpresso/middleware/SparkSDK/spark_sdk_v1.0.0/core/wireless/link/sr1000/link_gain_loop.c:94:10:link_gain_loop_get_min_tenth_db	0	static
/home/foronz/NXP-MCUXpresso/middleware/SparkSDK/spark_sdk_v1.0.0/core/wireless/link/sr1000/link_gain_loop.c:99:10:link_gain_loop_get_rnsi_tenth_db	0	static
