/home/foronz/NXP-MCUXpresso/middleware/SparkSDK/spark_sdk_v1.0.0/core/wireless/protocol_stack/sr1000/wps_phy_common.c:267:13:transfer_register	24	static
/home/foronz/NXP-MCUXpresso/middleware/SparkSDK/spark_sdk_v1.0.0/core/wireless/protocol_stack/sr1000/wps_phy_common.c:729:13:check_radio_irq	8	static
/home/foronz/NXP-MCUXpresso/middleware/SparkSDK/spark_sdk_v1.0.0/core/wireless/protocol_stack/sr1000/wps_phy_common.c:1284:13:signal_yield	0	static
/home/foronz/NXP-MCUXpresso/middleware/SparkSDK/spark_sdk_v1.0.0/core/wireless/protocol_stack/sr1000/wps_phy_common.c:1293:13:end	16	static
/home/foronz/NXP-MCUXpresso/middleware/SparkSDK/spark_sdk_v1.0.0/core/wireless/protocol_stack/sr1000/wps_phy_common.c:1269:13:close_spi	0	static
/home/foronz/NXP-MCUXpresso/middleware/SparkSDK/spark_sdk_v1.0.0/core/wireless/protocol_stack/sr1000/wps_phy_common.c:618:13:set_config	16	static
/home/foronz/NXP-MCUXpresso/middleware/SparkSDK/spark_sdk_v1.0.0/core/wireless/protocol_stack/sr1000/wps_phy_common.c:647:13:set_header	24	static
/home/foronz/NXP-MCUXpresso/middleware/SparkSDK/spark_sdk_v1.0.0/core/wireless/protocol_stack/sr1000/wps_phy_common.c:624:13:set_channel_config	24	static
/home/foronz/NXP-MCUXpresso/middleware/SparkSDK/spark_sdk_v1.0.0/core/wireless/protocol_stack/sr1000/wps_phy_common.c:681:13:set_payload_cut_through	32	static
/home/foronz/NXP-MCUXpresso/middleware/SparkSDK/spark_sdk_v1.0.0/core/wireless/protocol_stack/sr1000/wps_phy_common.c:1307:13:clear_err	24	static
/home/foronz/NXP-MCUXpresso/middleware/SparkSDK/spark_sdk_v1.0.0/core/wireless/protocol_stack/sr1000/wps_phy_common.c:709:13:enable_radio_irq	8	static
/home/foronz/NXP-MCUXpresso/middleware/SparkSDK/spark_sdk_v1.0.0/core/wireless/protocol_stack/sr1000/wps_phy_common.c:742:13:read_events	16	static
/home/foronz/NXP-MCUXpresso/middleware/SparkSDK/spark_sdk_v1.0.0/core/wireless/protocol_stack/sr1000/wps_phy_common.c:1154:13:setup_cut_through	16	static
/home/foronz/NXP-MCUXpresso/middleware/SparkSDK/spark_sdk_v1.0.0/core/wireless/protocol_stack/sr1000/wps_phy_common.c:765:13:read_events_syncing	16	static
/home/foronz/NXP-MCUXpresso/middleware/SparkSDK/spark_sdk_v1.0.0/core/wireless/protocol_stack/sr1000/wps_phy_common.c:1235:13:end_tx_cut_through	8	static
/home/foronz/NXP-MCUXpresso/middleware/SparkSDK/spark_sdk_v1.0.0/core/wireless/protocol_stack/sr1000/wps_phy_common.c:662:13:set_payload	24	static
/home/foronz/NXP-MCUXpresso/middleware/SparkSDK/spark_sdk_v1.0.0/core/wireless/protocol_stack/sr1000/wps_phy_common.c:1253:13:end_flush	8	static
/home/foronz/NXP-MCUXpresso/middleware/SparkSDK/spark_sdk_v1.0.0/core/wireless/protocol_stack/sr1000/wps_phy_common.c:973:13:handle_missed_frame	16	static
/home/foronz/NXP-MCUXpresso/middleware/SparkSDK/spark_sdk_v1.0.0/core/wireless/protocol_stack/sr1000/wps_phy_common.c:1182:13:get_payload_cut_through	32	static
/home/foronz/NXP-MCUXpresso/middleware/SparkSDK/spark_sdk_v1.0.0/core/wireless/protocol_stack/sr1000/wps_phy_common.c:1027:13:get_frame_header	32	static
/home/foronz/NXP-MCUXpresso/middleware/SparkSDK/spark_sdk_v1.0.0/core/wireless/protocol_stack/sr1000/wps_phy_common.c:1073:13:get_auto_reply_header	32	static
/home/foronz/NXP-MCUXpresso/middleware/SparkSDK/spark_sdk_v1.0.0/core/wireless/protocol_stack/sr1000/wps_phy_common.c:1119:13:get_payload	24	static
/home/foronz/NXP-MCUXpresso/middleware/SparkSDK/spark_sdk_v1.0.0/core/wireless/protocol_stack/sr1000/wps_phy_common.c:852:13:process_event_rx	32	static
/home/foronz/NXP-MCUXpresso/middleware/SparkSDK/spark_sdk_v1.0.0/core/wireless/protocol_stack/sr1000/wps_phy_common.c:565:13:prepare_radio	32	static
/home/foronz/NXP-MCUXpresso/middleware/SparkSDK/spark_sdk_v1.0.0/core/wireless/protocol_stack/sr1000/wps_phy_common.c:340:13:prepare_phy	32	static
/home/foronz/NXP-MCUXpresso/middleware/SparkSDK/spark_sdk_v1.0.0/core/wireless/protocol_stack/sr1000/wps_phy_common.c:792:13:process_event_tx	24	static
/home/foronz/NXP-MCUXpresso/middleware/SparkSDK/spark_sdk_v1.0.0/core/wireless/protocol_stack/sr1000/wps_phy_common.c:104:6:phy_init	40	static
/home/foronz/NXP-MCUXpresso/middleware/SparkSDK/spark_sdk_v1.0.0/core/wireless/protocol_stack/sr1000/wps_phy_common.c:166:6:phy_connect	24	static
/home/foronz/NXP-MCUXpresso/middleware/SparkSDK/spark_sdk_v1.0.0/core/wireless/protocol_stack/sr1000/wps_phy_common.c:191:6:phy_disconnect	24	static
/home/foronz/NXP-MCUXpresso/middleware/SparkSDK/spark_sdk_v1.0.0/core/wireless/protocol_stack/sr1000/wps_phy_common.c:225:21:phy_get_main_signal	0	static
/home/foronz/NXP-MCUXpresso/middleware/SparkSDK/spark_sdk_v1.0.0/core/wireless/protocol_stack/sr1000/wps_phy_common.c:230:21:phy_get_auto_signal	0	static
/home/foronz/NXP-MCUXpresso/middleware/SparkSDK/spark_sdk_v1.0.0/core/wireless/protocol_stack/sr1000/wps_phy_common.c:235:6:phy_set_main_xlayer	0	static
/home/foronz/NXP-MCUXpresso/middleware/SparkSDK/spark_sdk_v1.0.0/core/wireless/protocol_stack/sr1000/wps_phy_common.c:240:6:phy_set_auto_xlayer	0	static
/home/foronz/NXP-MCUXpresso/middleware/SparkSDK/spark_sdk_v1.0.0/core/wireless/protocol_stack/sr1000/wps_phy_common.c:245:6:phy_write_register	8	static
/home/foronz/NXP-MCUXpresso/middleware/SparkSDK/spark_sdk_v1.0.0/core/wireless/protocol_stack/sr1000/wps_phy_common.c:253:6:phy_read_register	8	static
