/home/foronz/NXP-MCUXpresso/middleware/SparkSDK/spark_sdk_v1.0.0/lib/third-party/stmicroelectronics/stm32g4xx_hal_driver/Src/stm32g4xx_hal_dma_ex.c:96:19:HAL_DMAEx_ConfigMuxSync	8	static
/home/foronz/NXP-MCUXpresso/middleware/SparkSDK/spark_sdk_v1.0.0/lib/third-party/stmicroelectronics/stm32g4xx_hal_driver/Src/stm32g4xx_hal_dma_ex.c:142:19:HAL_DMAEx_ConfigMuxRequestGenerator	8	static,ignoring_inline_asm
/home/foronz/NXP-MCUXpresso/middleware/SparkSDK/spark_sdk_v1.0.0/lib/third-party/stmicroelectronics/stm32g4xx_hal_driver/Src/stm32g4xx_hal_dma_ex.c:182:19:HAL_DMAEx_EnableMuxRequestGenerator	0	static
/home/foronz/NXP-MCUXpresso/middleware/SparkSDK/spark_sdk_v1.0.0/lib/third-party/stmicroelectronics/stm32g4xx_hal_driver/Src/stm32g4xx_hal_dma_ex.c:210:19:HAL_DMAEx_DisableMuxRequestGenerator	0	static
/home/foronz/NXP-MCUXpresso/middleware/SparkSDK/spark_sdk_v1.0.0/lib/third-party/stmicroelectronics/stm32g4xx_hal_driver/Src/stm32g4xx_hal_dma_ex.c:238:6:HAL_DMAEx_MUX_IRQHandler	16	static
