/home/foronz/NXP-MCUXpresso/middleware/SparkSDK/spark_sdk_v1.0.0/lib/third-party/stmicroelectronics/stm32g4xx_hal_driver/Src/stm32g4xx_hal_flash_ramfunc.c:93:30:HAL_FLASHEx_EnableRunPowerDown	0	static
/home/foronz/NXP-MCUXpresso/middleware/SparkSDK/spark_sdk_v1.0.0/lib/third-party/stmicroelectronics/stm32g4xx_hal_driver/Src/stm32g4xx_hal_flash_ramfunc.c:107:30:HAL_FLASHEx_DisableRunPowerDown	0	static
/home/foronz/NXP-MCUXpresso/middleware/SparkSDK/spark_sdk_v1.0.0/lib/third-party/stmicroelectronics/stm32g4xx_hal_driver/Src/stm32g4xx_hal_flash_ramfunc.c:131:30:HAL_FLASHEx_OB_DBankConfig	8	static
