/home/foronz/NXP-MCUXpresso/middleware/SparkSDK/spark_sdk_v1.0.0/lib/third-party/stmicroelectronics/stm32g4xx_hal_driver/Src/stm32g4xx_hal_sai.c:2287:13:SAI_FillFifo	16	static
/home/foronz/NXP-MCUXpresso/middleware/SparkSDK/spark_sdk_v1.0.0/lib/third-party/stmicroelectronics/stm32g4xx_hal_driver/Src/stm32g4xx_hal_sai.c:718:13:HAL_SAI_MspInit	0	static
/home/foronz/NXP-MCUXpresso/middleware/SparkSDK/spark_sdk_v1.0.0/lib/third-party/stmicroelectronics/stm32g4xx_hal_driver/Src/stm32g4xx_hal_sai.c:368:19:HAL_SAI_Init.part.0	32	static
/home/foronz/NXP-MCUXpresso/middleware/SparkSDK/spark_sdk_v1.0.0/lib/third-party/stmicroelectronics/stm32g4xx_hal_driver/Src/stm32g4xx_hal_sai.c:368:19:HAL_SAI_Init	0	static
/home/foronz/NXP-MCUXpresso/middleware/SparkSDK/spark_sdk_v1.0.0/lib/third-party/stmicroelectronics/stm32g4xx_hal_driver/Src/stm32g4xx_hal_sai.c:329:19:HAL_SAI_InitProtocol	8	static
/home/foronz/NXP-MCUXpresso/middleware/SparkSDK/spark_sdk_v1.0.0/lib/third-party/stmicroelectronics/stm32g4xx_hal_driver/Src/stm32g4xx_hal_sai.c:734:13:HAL_SAI_MspDeInit	0	static
/home/foronz/NXP-MCUXpresso/middleware/SparkSDK/spark_sdk_v1.0.0/lib/third-party/stmicroelectronics/stm32g4xx_hal_driver/Src/stm32g4xx_hal_sai.c:650:19:HAL_SAI_DeInit	8	static
/home/foronz/NXP-MCUXpresso/middleware/SparkSDK/spark_sdk_v1.0.0/lib/third-party/stmicroelectronics/stm32g4xx_hal_driver/Src/stm32g4xx_hal_sai.c:975:19:HAL_SAI_Transmit	32	static
/home/foronz/NXP-MCUXpresso/middleware/SparkSDK/spark_sdk_v1.0.0/lib/third-party/stmicroelectronics/stm32g4xx_hal_driver/Src/stm32g4xx_hal_sai.c:1088:19:HAL_SAI_Receive	32	static
/home/foronz/NXP-MCUXpresso/middleware/SparkSDK/spark_sdk_v1.0.0/lib/third-party/stmicroelectronics/stm32g4xx_hal_driver/Src/stm32g4xx_hal_sai.c:1198:19:HAL_SAI_Transmit_IT	8	static
/home/foronz/NXP-MCUXpresso/middleware/SparkSDK/spark_sdk_v1.0.0/lib/third-party/stmicroelectronics/stm32g4xx_hal_driver/Src/stm32g4xx_hal_sai.c:1260:19:HAL_SAI_Receive_IT	4	static
/home/foronz/NXP-MCUXpresso/middleware/SparkSDK/spark_sdk_v1.0.0/lib/third-party/stmicroelectronics/stm32g4xx_hal_driver/Src/stm32g4xx_hal_sai.c:1318:19:HAL_SAI_DMAPause	4	static
/home/foronz/NXP-MCUXpresso/middleware/SparkSDK/spark_sdk_v1.0.0/lib/third-party/stmicroelectronics/stm32g4xx_hal_driver/Src/stm32g4xx_hal_sai.c:1338:19:HAL_SAI_DMAResume	0	static
/home/foronz/NXP-MCUXpresso/middleware/SparkSDK/spark_sdk_v1.0.0/lib/third-party/stmicroelectronics/stm32g4xx_hal_driver/Src/stm32g4xx_hal_sai.c:1365:19:HAL_SAI_DMAStop	8	static
/home/foronz/NXP-MCUXpresso/middleware/SparkSDK/spark_sdk_v1.0.0/lib/third-party/stmicroelectronics/stm32g4xx_hal_driver/Src/stm32g4xx_hal_sai.c:1415:19:HAL_SAI_Abort	8	static
/home/foronz/NXP-MCUXpresso/middleware/SparkSDK/spark_sdk_v1.0.0/lib/third-party/stmicroelectronics/stm32g4xx_hal_driver/Src/stm32g4xx_hal_sai.c:1475:19:HAL_SAI_Transmit_DMA	32	static
/home/foronz/NXP-MCUXpresso/middleware/SparkSDK/spark_sdk_v1.0.0/lib/third-party/stmicroelectronics/stm32g4xx_hal_driver/Src/stm32g4xx_hal_sai.c:1562:19:HAL_SAI_Receive_DMA	24	static
/home/foronz/NXP-MCUXpresso/middleware/SparkSDK/spark_sdk_v1.0.0/lib/third-party/stmicroelectronics/stm32g4xx_hal_driver/Src/stm32g4xx_hal_sai.c:1631:19:HAL_SAI_EnableTxMuteMode	0	static
/home/foronz/NXP-MCUXpresso/middleware/SparkSDK/spark_sdk_v1.0.0/lib/third-party/stmicroelectronics/stm32g4xx_hal_driver/Src/stm32g4xx_hal_sai.c:1650:19:HAL_SAI_DisableTxMuteMode	0	static
/home/foronz/NXP-MCUXpresso/middleware/SparkSDK/spark_sdk_v1.0.0/lib/third-party/stmicroelectronics/stm32g4xx_hal_driver/Src/stm32g4xx_hal_sai.c:1668:19:HAL_SAI_EnableRxMuteMode	4	static
/home/foronz/NXP-MCUXpresso/middleware/SparkSDK/spark_sdk_v1.0.0/lib/third-party/stmicroelectronics/stm32g4xx_hal_driver/Src/stm32g4xx_hal_sai.c:1691:19:HAL_SAI_DisableRxMuteMode	0	static
/home/foronz/NXP-MCUXpresso/middleware/SparkSDK/spark_sdk_v1.0.0/lib/third-party/stmicroelectronics/stm32g4xx_hal_driver/Src/stm32g4xx_hal_sai.c:1983:13:HAL_SAI_TxCpltCallback	0	static
/home/foronz/NXP-MCUXpresso/middleware/SparkSDK/spark_sdk_v1.0.0/lib/third-party/stmicroelectronics/stm32g4xx_hal_driver/Src/stm32g4xx_hal_sai.c:2455:13:SAI_Transmit_IT32Bit	8	static
/home/foronz/NXP-MCUXpresso/middleware/SparkSDK/spark_sdk_v1.0.0/lib/third-party/stmicroelectronics/stm32g4xx_hal_driver/Src/stm32g4xx_hal_sai.c:2422:13:SAI_Transmit_IT16Bit	8	static
/home/foronz/NXP-MCUXpresso/middleware/SparkSDK/spark_sdk_v1.0.0/lib/third-party/stmicroelectronics/stm32g4xx_hal_driver/Src/stm32g4xx_hal_sai.c:2599:13:SAI_DMATxCplt	8	static
/home/foronz/NXP-MCUXpresso/middleware/SparkSDK/spark_sdk_v1.0.0/lib/third-party/stmicroelectronics/stm32g4xx_hal_driver/Src/stm32g4xx_hal_sai.c:2393:13:SAI_Transmit_IT8Bit	8	static
/home/foronz/NXP-MCUXpresso/middleware/SparkSDK/spark_sdk_v1.0.0/lib/third-party/stmicroelectronics/stm32g4xx_hal_driver/Src/stm32g4xx_hal_sai.c:1999:13:HAL_SAI_TxHalfCpltCallback	0	static
/home/foronz/NXP-MCUXpresso/middleware/SparkSDK/spark_sdk_v1.0.0/lib/third-party/stmicroelectronics/stm32g4xx_hal_driver/Src/stm32g4xx_hal_sai.c:2628:13:SAI_DMATxHalfCplt	8	static
/home/foronz/NXP-MCUXpresso/middleware/SparkSDK/spark_sdk_v1.0.0/lib/third-party/stmicroelectronics/stm32g4xx_hal_driver/Src/stm32g4xx_hal_sai.c:2015:13:HAL_SAI_RxCpltCallback	0	static
/home/foronz/NXP-MCUXpresso/middleware/SparkSDK/spark_sdk_v1.0.0/lib/third-party/stmicroelectronics/stm32g4xx_hal_driver/Src/stm32g4xx_hal_sai.c:2559:13:SAI_Receive_IT32Bit	8	static
/home/foronz/NXP-MCUXpresso/middleware/SparkSDK/spark_sdk_v1.0.0/lib/third-party/stmicroelectronics/stm32g4xx_hal_driver/Src/stm32g4xx_hal_sai.c:2523:13:SAI_Receive_IT16Bit	8	static
/home/foronz/NXP-MCUXpresso/middleware/SparkSDK/spark_sdk_v1.0.0/lib/third-party/stmicroelectronics/stm32g4xx_hal_driver/Src/stm32g4xx_hal_sai.c:2645:13:SAI_DMARxCplt	8	static
/home/foronz/NXP-MCUXpresso/middleware/SparkSDK/spark_sdk_v1.0.0/lib/third-party/stmicroelectronics/stm32g4xx_hal_driver/Src/stm32g4xx_hal_sai.c:2492:13:SAI_Receive_IT8Bit	8	static
/home/foronz/NXP-MCUXpresso/middleware/SparkSDK/spark_sdk_v1.0.0/lib/third-party/stmicroelectronics/stm32g4xx_hal_driver/Src/stm32g4xx_hal_sai.c:2031:13:HAL_SAI_RxHalfCpltCallback	0	static
/home/foronz/NXP-MCUXpresso/middleware/SparkSDK/spark_sdk_v1.0.0/lib/third-party/stmicroelectronics/stm32g4xx_hal_driver/Src/stm32g4xx_hal_sai.c:2673:13:SAI_DMARxHalfCplt	8	static
/home/foronz/NXP-MCUXpresso/middleware/SparkSDK/spark_sdk_v1.0.0/lib/third-party/stmicroelectronics/stm32g4xx_hal_driver/Src/stm32g4xx_hal_sai.c:2047:13:HAL_SAI_ErrorCallback	0	static
/home/foronz/NXP-MCUXpresso/middleware/SparkSDK/spark_sdk_v1.0.0/lib/third-party/stmicroelectronics/stm32g4xx_hal_driver/Src/stm32g4xx_hal_sai.c:2690:13:SAI_DMAError	8	static
/home/foronz/NXP-MCUXpresso/middleware/SparkSDK/spark_sdk_v1.0.0/lib/third-party/stmicroelectronics/stm32g4xx_hal_driver/Src/stm32g4xx_hal_sai.c:1710:6:HAL_SAI_IRQHandler	16	static
/home/foronz/NXP-MCUXpresso/middleware/SparkSDK/spark_sdk_v1.0.0/lib/third-party/stmicroelectronics/stm32g4xx_hal_driver/Src/stm32g4xx_hal_sai.c:2724:13:SAI_DMAAbort	8	static
/home/foronz/NXP-MCUXpresso/middleware/SparkSDK/spark_sdk_v1.0.0/lib/third-party/stmicroelectronics/stm32g4xx_hal_driver/Src/stm32g4xx_hal_sai.c:2082:22:HAL_SAI_GetState	0	static
/home/foronz/NXP-MCUXpresso/middleware/SparkSDK/spark_sdk_v1.0.0/lib/third-party/stmicroelectronics/stm32g4xx_hal_driver/Src/stm32g4xx_hal_sai.c:2093:10:HAL_SAI_GetError	0	static
