/home/foronz/NXP-MCUXpresso/middleware/SparkSDK/spark_sdk_v1.0.0/core/wireless/api/swc_api.c:59:6:swc_init	56	dynamic
/home/foronz/NXP-MCUXpresso/middleware/SparkSDK/spark_sdk_v1.0.0/core/wireless/api/swc_api.c:114:13:swc_node_init	72	static
/home/foronz/NXP-MCUXpresso/middleware/SparkSDK/spark_sdk_v1.0.0/core/wireless/api/swc_api.c:144:6:swc_node_add_radio	40	static
/home/foronz/NXP-MCUXpresso/middleware/SparkSDK/spark_sdk_v1.0.0/core/wireless/api/swc_api.c:168:19:swc_connection_init	120	static
/home/foronz/NXP-MCUXpresso/middleware/SparkSDK/spark_sdk_v1.0.0/core/wireless/api/swc_api.c:268:6:swc_connection_add_channel	56	static
/home/foronz/NXP-MCUXpresso/middleware/SparkSDK/spark_sdk_v1.0.0/core/wireless/api/swc_api.c:300:6:swc_connection_set_tx_success_callback	0	static
/home/foronz/NXP-MCUXpresso/middleware/SparkSDK/spark_sdk_v1.0.0/core/wireless/api/swc_api.c:306:6:swc_connection_set_tx_fail_callback	0	static
/home/foronz/NXP-MCUXpresso/middleware/SparkSDK/spark_sdk_v1.0.0/core/wireless/api/swc_api.c:312:6:swc_connection_set_tx_dropped_callback	0	static
/home/foronz/NXP-MCUXpresso/middleware/SparkSDK/spark_sdk_v1.0.0/core/wireless/api/swc_api.c:318:6:swc_connection_set_rx_success_callback	0	static
/home/foronz/NXP-MCUXpresso/middleware/SparkSDK/spark_sdk_v1.0.0/core/wireless/api/swc_api.c:324:6:swc_connection_set_throttling_active_ratio	16	static
/home/foronz/NXP-MCUXpresso/middleware/SparkSDK/spark_sdk_v1.0.0/core/wireless/api/swc_api.c:333:6:swc_connection_get_payload_buffer	24	static
/home/foronz/NXP-MCUXpresso/middleware/SparkSDK/spark_sdk_v1.0.0/core/wireless/api/swc_api.c:345:6:swc_connection_send	16	static
/home/foronz/NXP-MCUXpresso/middleware/SparkSDK/spark_sdk_v1.0.0/core/wireless/api/swc_api.c:354:9:swc_connection_receive	24	static
/home/foronz/NXP-MCUXpresso/middleware/SparkSDK/spark_sdk_v1.0.0/core/wireless/api/swc_api.c:367:6:swc_connection_receive_complete	16	static
/home/foronz/NXP-MCUXpresso/middleware/SparkSDK/spark_sdk_v1.0.0/core/wireless/api/swc_api.c:376:6:swc_setup	16	static
/home/foronz/NXP-MCUXpresso/middleware/SparkSDK/spark_sdk_v1.0.0/core/wireless/api/swc_api.c:383:6:swc_connect	16	static
/home/foronz/NXP-MCUXpresso/middleware/SparkSDK/spark_sdk_v1.0.0/core/wireless/api/swc_api.c:390:6:swc_disconnect	16	static
/home/foronz/NXP-MCUXpresso/middleware/SparkSDK/spark_sdk_v1.0.0/core/wireless/api/swc_api.c:397:21:swc_connection_get_fallback_info	8	static
/home/foronz/NXP-MCUXpresso/middleware/SparkSDK/spark_sdk_v1.0.0/core/wireless/api/swc_api.c:406:10:swc_get_allocated_bytes	0	static
/home/foronz/NXP-MCUXpresso/middleware/SparkSDK/spark_sdk_v1.0.0/core/wireless/api/swc_api.c:411:6:swc_free_memory	0	static
/home/foronz/NXP-MCUXpresso/middleware/SparkSDK/spark_sdk_v1.0.0/core/wireless/api/swc_api.c:416:6:swc_connection_callbacks_processing_handler	0	static
/home/foronz/NXP-MCUXpresso/middleware/SparkSDK/spark_sdk_v1.0.0/core/wireless/api/swc_api.c:422:6:swc_radio_irq_handler	16	static
/home/foronz/NXP-MCUXpresso/middleware/SparkSDK/spark_sdk_v1.0.0/core/wireless/api/swc_api.c:428:6:swc_radio_spi_receive_complete_handler	16	static
