/home/foronz/NXP-MCUXpresso/middleware/SparkSDK/spark_sdk_v1.0.0/bsp/hardware/evk/evk_it.c:107:13:default_irq_callback	0	static
/home/foronz/NXP-MCUXpresso/middleware/SparkSDK/spark_sdk_v1.0.0/bsp/hardware/evk/evk_it.c:41:6:evk_it_set_systick_callback	0	static
/home/foronz/NXP-MCUXpresso/middleware/SparkSDK/spark_sdk_v1.0.0/bsp/hardware/evk/evk_it.c:46:6:evk_it_set_common_callback	0	static
/home/foronz/NXP-MCUXpresso/middleware/SparkSDK/spark_sdk_v1.0.0/bsp/hardware/evk/evk_it.c:51:6:evk_set_usb_detect_callback	0	static
/home/foronz/NXP-MCUXpresso/middleware/SparkSDK/spark_sdk_v1.0.0/bsp/hardware/evk/evk_it.c:56:6:evk_set_radio_irq_callback	0	static
/home/foronz/NXP-MCUXpresso/middleware/SparkSDK/spark_sdk_v1.0.0/bsp/hardware/evk/evk_it.c:61:6:evk_set_radio_dma_rx_callback	0	static
/home/foronz/NXP-MCUXpresso/middleware/SparkSDK/spark_sdk_v1.0.0/bsp/hardware/evk/evk_it.c:66:6:evk_set_app_timer_callback	0	static
/home/foronz/NXP-MCUXpresso/middleware/SparkSDK/spark_sdk_v1.0.0/bsp/hardware/evk/evk_it.c:71:6:evk_set_pendsv_callback	0	static
/home/foronz/NXP-MCUXpresso/middleware/SparkSDK/spark_sdk_v1.0.0/bsp/hardware/evk/evk_it.c:76:6:evk_set_usb_irq_callback	0	static
/home/foronz/NXP-MCUXpresso/middleware/SparkSDK/spark_sdk_v1.0.0/bsp/hardware/evk/evk_it.c:81:6:evk_enter_critical	0	static,ignoring_inline_asm
/home/foronz/NXP-MCUXpresso/middleware/SparkSDK/spark_sdk_v1.0.0/bsp/hardware/evk/evk_it.c:90:6:evk_exit_critical	0	static,ignoring_inline_asm
/home/foronz/NXP-MCUXpresso/middleware/SparkSDK/spark_sdk_v1.0.0/bsp/hardware/evk/evk_it.c:99:6:Error_Handler	0	static
/home/foronz/NXP-MCUXpresso/middleware/SparkSDK/spark_sdk_v1.0.0/bsp/hardware/evk/evk_it.c:114:6:HardFault_Handler	0	static
/home/foronz/NXP-MCUXpresso/middleware/SparkSDK/spark_sdk_v1.0.0/bsp/hardware/evk/evk_it.c:123:6:MemManage_Handler	0	static
/home/foronz/NXP-MCUXpresso/middleware/SparkSDK/spark_sdk_v1.0.0/bsp/hardware/evk/evk_it.c:132:6:BusFault_Handler	0	static
/home/foronz/NXP-MCUXpresso/middleware/SparkSDK/spark_sdk_v1.0.0/bsp/hardware/evk/evk_it.c:142:6:UsageFault_Handler	0	static
/home/foronz/NXP-MCUXpresso/middleware/SparkSDK/spark_sdk_v1.0.0/bsp/hardware/evk/evk_it.c:151:6:SVC_Handler	0	static
/home/foronz/NXP-MCUXpresso/middleware/SparkSDK/spark_sdk_v1.0.0/bsp/hardware/evk/evk_it.c:158:6:DebugMon_Handler	0	static
/home/foronz/NXP-MCUXpresso/middleware/SparkSDK/spark_sdk_v1.0.0/bsp/hardware/evk/evk_it.c:165:6:PendSV_Handler	0	static
/home/foronz/NXP-MCUXpresso/middleware/SparkSDK/spark_sdk_v1.0.0/bsp/hardware/evk/evk_it.c:173:6:SysTick_Handler	0	static
/home/foronz/NXP-MCUXpresso/middleware/SparkSDK/spark_sdk_v1.0.0/bsp/hardware/evk/evk_it.c:180:6:EXTI0_IRQHandler	8	static
/home/foronz/NXP-MCUXpresso/middleware/SparkSDK/spark_sdk_v1.0.0/bsp/hardware/evk/evk_it.c:189:6:EXTI2_IRQHandler	8	static
/home/foronz/NXP-MCUXpresso/middleware/SparkSDK/spark_sdk_v1.0.0/bsp/hardware/evk/evk_it.c:198:6:DMA1_Channel2_IRQHandler	8	static
/home/foronz/NXP-MCUXpresso/middleware/SparkSDK/spark_sdk_v1.0.0/bsp/hardware/evk/evk_it.c:215:6:DMA2_Channel5_IRQHandler	8	static
/home/foronz/NXP-MCUXpresso/middleware/SparkSDK/spark_sdk_v1.0.0/bsp/hardware/evk/evk_it.c:223:6:DMA2_Channel6_IRQHandler	8	static
/home/foronz/NXP-MCUXpresso/middleware/SparkSDK/spark_sdk_v1.0.0/bsp/hardware/evk/evk_it.c:231:6:DMA1_Channel5_IRQHandler	8	static
/home/foronz/NXP-MCUXpresso/middleware/SparkSDK/spark_sdk_v1.0.0/bsp/hardware/evk/evk_it.c:239:6:DMA1_Channel6_IRQHandler	8	static
/home/foronz/NXP-MCUXpresso/middleware/SparkSDK/spark_sdk_v1.0.0/bsp/hardware/evk/evk_it.c:247:6:USB_LP_IRQHandler	8	static
/home/foronz/NXP-MCUXpresso/middleware/SparkSDK/spark_sdk_v1.0.0/bsp/hardware/evk/evk_it.c:255:6:TIM2_IRQHandler	8	static
/home/foronz/NXP-MCUXpresso/middleware/SparkSDK/spark_sdk_v1.0.0/bsp/hardware/evk/evk_it.c:261:6:TIM8_UP_IRQHandler	8	static
/home/foronz/NXP-MCUXpresso/middleware/SparkSDK/spark_sdk_v1.0.0/bsp/hardware/evk/evk_it.c:270:6:TIM20_UP_IRQHandler	0	static
/home/foronz/NXP-MCUXpresso/middleware/SparkSDK/spark_sdk_v1.0.0/bsp/hardware/evk/evk_it.c:278:6:LPUART1_IRQHandler	8	static
