/home/foronz/NXP-MCUXpresso/middleware/SparkSDK/spark_sdk_v1.0.0/bsp/hardware/evk/evk_timer.c:49:10:evk_timer_get_ms_tick	0	static
/home/foronz/NXP-MCUXpresso/middleware/SparkSDK/spark_sdk_v1.0.0/bsp/hardware/evk/evk_timer.c:54:6:evk_timer_delay_ms	0	static
/home/foronz/NXP-MCUXpresso/middleware/SparkSDK/spark_sdk_v1.0.0/bsp/hardware/evk/evk_timer.c:59:10:evk_timer_get_tick_us	0	static
/home/foronz/NXP-MCUXpresso/middleware/SparkSDK/spark_sdk_v1.0.0/bsp/hardware/evk/evk_timer.c:64:6:evk_timer_delay_us	0	static
/home/foronz/NXP-MCUXpresso/middleware/SparkSDK/spark_sdk_v1.0.0/bsp/hardware/evk/evk_timer.c:71:10:evk_timer_get_free_running_tick_ms	16	static
/home/foronz/NXP-MCUXpresso/middleware/SparkSDK/spark_sdk_v1.0.0/bsp/hardware/evk/evk_timer.c:91:6:evk_timer_app_timer_init	16	static
/home/foronz/NXP-MCUXpresso/middleware/SparkSDK/spark_sdk_v1.0.0/bsp/hardware/evk/evk_timer.c:108:6:evk_timer_app_timer_start	8	static
/home/foronz/NXP-MCUXpresso/middleware/SparkSDK/spark_sdk_v1.0.0/bsp/hardware/evk/evk_timer.c:115:6:evk_timer_app_timer_stop	8	static
/home/foronz/NXP-MCUXpresso/middleware/SparkSDK/spark_sdk_v1.0.0/bsp/hardware/evk/evk_timer.c:122:6:evk_timer_systick_timer_init	16	static
/home/foronz/NXP-MCUXpresso/middleware/SparkSDK/spark_sdk_v1.0.0/bsp/hardware/evk/evk_timer.c:137:6:evk_timer_systick_timer_start	8	static
/home/foronz/NXP-MCUXpresso/middleware/SparkSDK/spark_sdk_v1.0.0/bsp/hardware/evk/evk_timer.c:144:6:evk_timer_systick_timer_stop	8	static
