/home/foronz/NXP-MCUXpresso/middleware/SparkSDK/spark_sdk_v1.0.0/bsp/hardware/evk/evk_clock.c:67:6:evk_set_system_clock	88	static
/home/foronz/NXP-MCUXpresso/middleware/SparkSDK/spark_sdk_v1.0.0/bsp/hardware/evk/evk_clock.c:93:10:evk_get_system_clock_freq	0	static
/home/foronz/NXP-MCUXpresso/middleware/SparkSDK/spark_sdk_v1.0.0/bsp/hardware/evk/evk_clock.c:98:6:evk_usb_clock_deinit	64	static
/home/foronz/NXP-MCUXpresso/middleware/SparkSDK/spark_sdk_v1.0.0/bsp/hardware/evk/evk_clock.c:109:6:evk_init_ext_osc_clk	32	static
/home/foronz/NXP-MCUXpresso/middleware/SparkSDK/spark_sdk_v1.0.0/bsp/hardware/evk/evk_clock.c:114:6:evk_deinit_ext_osc_clk	0	static
/home/foronz/NXP-MCUXpresso/middleware/SparkSDK/spark_sdk_v1.0.0/bsp/hardware/evk/evk_clock.c:119:6:evk_enable_ext_osc_clk	0	static
/home/foronz/NXP-MCUXpresso/middleware/SparkSDK/spark_sdk_v1.0.0/bsp/hardware/evk/evk_clock.c:124:6:evk_disable_ext_osc_clk	0	static
/home/foronz/NXP-MCUXpresso/middleware/SparkSDK/spark_sdk_v1.0.0/bsp/hardware/evk/evk_clock.c:129:6:evk_init_xtal_clk	72	static
/home/foronz/NXP-MCUXpresso/middleware/SparkSDK/spark_sdk_v1.0.0/bsp/hardware/evk/evk_clock.c:134:6:evk_deinit_xtal_clk	8	static
/home/foronz/NXP-MCUXpresso/middleware/SparkSDK/spark_sdk_v1.0.0/bsp/hardware/evk/evk_clock.c:140:6:evk_enable_xtal_clk	8	static
/home/foronz/NXP-MCUXpresso/middleware/SparkSDK/spark_sdk_v1.0.0/bsp/hardware/evk/evk_clock.c:147:6:evk_disable_xtal_clk	8	static
/home/foronz/NXP-MCUXpresso/middleware/SparkSDK/spark_sdk_v1.0.0/bsp/hardware/evk/evk_clock.c:160:6:evk_init_usb_clock	152	static
/home/foronz/NXP-MCUXpresso/middleware/SparkSDK/spark_sdk_v1.0.0/bsp/hardware/evk/evk_clock.c:154:6:SystemClock_Config	8	static
/home/foronz/NXP-MCUXpresso/middleware/SparkSDK/spark_sdk_v1.0.0/bsp/hardware/evk/evk_clock.c:178:6:evk_clock_set_pll_170Mhz_as_sysclk	16	static
/home/foronz/NXP-MCUXpresso/middleware/SparkSDK/spark_sdk_v1.0.0/bsp/hardware/evk/evk_clock.c:195:6:evk_clock_set_hsi_as_sysclk	16	static
/home/foronz/NXP-MCUXpresso/middleware/SparkSDK/spark_sdk_v1.0.0/bsp/hardware/evk/evk_clock.c:212:6:evk_clock_set_hsi_as_sysclk_protected	8	static,ignoring_inline_asm
/home/foronz/NXP-MCUXpresso/middleware/SparkSDK/spark_sdk_v1.0.0/bsp/hardware/evk/evk_clock.c:220:6:evk_clock_init_rtc_for_wakeup	16	static
/home/foronz/NXP-MCUXpresso/middleware/SparkSDK/spark_sdk_v1.0.0/bsp/hardware/evk/evk_clock.c:264:6:evk_clock_start_rtc_for_wakeup	8	static
/home/foronz/NXP-MCUXpresso/middleware/SparkSDK/spark_sdk_v1.0.0/bsp/hardware/evk/evk_clock.c:275:6:HAL_MspInit	8	static
