/home/foronz/NXP-MCUXpresso/middleware/SparkSDK/spark_sdk_v1.0.0/bsp/hardware/evk/evk_radio.c:20:6:evk_radio_read_irq_pin	8	static
/home/foronz/NXP-MCUXpresso/middleware/SparkSDK/spark_sdk_v1.0.0/bsp/hardware/evk/evk_radio.c:29:6:evk_radio_enable_irq_it	0	static
/home/foronz/NXP-MCUXpresso/middleware/SparkSDK/spark_sdk_v1.0.0/bsp/hardware/evk/evk_radio.c:34:6:evk_radio_disable_irq_it	0	static
/home/foronz/NXP-MCUXpresso/middleware/SparkSDK/spark_sdk_v1.0.0/bsp/hardware/evk/evk_radio.c:40:6:evk_radio_enable_dma_irq_it	0	static,ignoring_inline_asm
/home/foronz/NXP-MCUXpresso/middleware/SparkSDK/spark_sdk_v1.0.0/bsp/hardware/evk/evk_radio.c:45:6:evk_radio_disable_dma_irq_it	0	static,ignoring_inline_asm
/home/foronz/NXP-MCUXpresso/middleware/SparkSDK/spark_sdk_v1.0.0/bsp/hardware/evk/evk_radio.c:50:6:evk_radio_set_shutdown_pin	0	static
/home/foronz/NXP-MCUXpresso/middleware/SparkSDK/spark_sdk_v1.0.0/bsp/hardware/evk/evk_radio.c:55:6:evk_radio_reset_shutdown_pin	0	static
/home/foronz/NXP-MCUXpresso/middleware/SparkSDK/spark_sdk_v1.0.0/bsp/hardware/evk/evk_radio.c:60:6:evk_radio_set_reset_pin	0	static
/home/foronz/NXP-MCUXpresso/middleware/SparkSDK/spark_sdk_v1.0.0/bsp/hardware/evk/evk_radio.c:65:6:evk_radio_reset_reset_pin	0	static
/home/foronz/NXP-MCUXpresso/middleware/SparkSDK/spark_sdk_v1.0.0/bsp/hardware/evk/evk_radio.c:70:6:evk_radio_spi_set_cs	0	static
/home/foronz/NXP-MCUXpresso/middleware/SparkSDK/spark_sdk_v1.0.0/bsp/hardware/evk/evk_radio.c:75:6:evk_radio_spi_reset_cs	0	static
/home/foronz/NXP-MCUXpresso/middleware/SparkSDK/spark_sdk_v1.0.0/bsp/hardware/evk/evk_radio.c:80:6:evk_radio_set_debug_en	0	static
/home/foronz/NXP-MCUXpresso/middleware/SparkSDK/spark_sdk_v1.0.0/bsp/hardware/evk/evk_radio.c:85:6:evk_radio_reset_debug_en	0	static
/home/foronz/NXP-MCUXpresso/middleware/SparkSDK/spark_sdk_v1.0.0/bsp/hardware/evk/evk_radio.c:90:6:evk_radio_spi_write_blocking	4	static
/home/foronz/NXP-MCUXpresso/middleware/SparkSDK/spark_sdk_v1.0.0/bsp/hardware/evk/evk_radio.c:114:6:evk_radio_spi_read_blocking	4	static
/home/foronz/NXP-MCUXpresso/middleware/SparkSDK/spark_sdk_v1.0.0/bsp/hardware/evk/evk_radio.c:137:6:evk_radio_spi_transfer_full_duplex_blocking	8	static
/home/foronz/NXP-MCUXpresso/middleware/SparkSDK/spark_sdk_v1.0.0/bsp/hardware/evk/evk_radio.c:165:6:evk_radio_spi_transfer_full_duplex_non_blocking	12	static
/home/foronz/NXP-MCUXpresso/middleware/SparkSDK/spark_sdk_v1.0.0/bsp/hardware/evk/evk_radio.c:208:6:evk_radio_is_spi_busy	0	static
/home/foronz/NXP-MCUXpresso/middleware/SparkSDK/spark_sdk_v1.0.0/bsp/hardware/evk/evk_radio.c:213:6:evk_radio_context_switch	0	static
/home/foronz/NXP-MCUXpresso/middleware/SparkSDK/spark_sdk_v1.0.0/bsp/hardware/evk/evk_radio.c:218:6:evk_radio_callback_context_switch	0	static
/home/foronz/NXP-MCUXpresso/middleware/SparkSDK/spark_sdk_v1.0.0/bsp/hardware/evk/evk_radio.c:223:6:evk_radio_set_spi_baudrate	0	static
/home/foronz/NXP-MCUXpresso/middleware/SparkSDK/spark_sdk_v1.0.0/bsp/hardware/evk/evk_radio.c:234:6:HAL_SPI_MspInit	40	static
/home/foronz/NXP-MCUXpresso/middleware/SparkSDK/spark_sdk_v1.0.0/bsp/hardware/evk/evk_radio.c:288:6:HAL_SPI_MspDeInit	8	static
